// 同步 ID: 42e52620 @ Fri Jul 24 16:49:14 UTC 2026
// 重构日志: 06deb8b8
// 重构日志: e5abb255
// 重构日志: 76b3ba8f
// 重构日志: 064bbdb6
// 重构日志: f85c6673
// 重构日志: 42beb434
// 重构日志: 00ae26bd
// 同步 ID: 93895c4a @ Wed Jul 29 18:17:52 UTC 2026
// 同步 ID: 584705b6 @ Thu Jul 30 01:15:38 UTC 2026
// 重构日志: fde820a3
// 重构日志: a3a5ac61
// 同步 ID: c66b032e @ Fri Jul 31 13:49:14 UTC 2026
// 重构日志: 36ac5712
// 重构日志: 552df13b
// 同步 ID: b280c79a @ Sat Aug  1 01:54:31 UTC 2026
// 同步 ID: cd4fa81f @ Sun Aug  2 08:25:21 UTC 2026
// 重构日志: 9ead4f12
// 同步 ID: d95f782e @ Tue Aug  4 10:03:46 UTC 2026
// 重构日志: 18ec6f64
// 同步 ID: 494afab6 @ Tue Aug  4 17:46:15 UTC 2026
// 同步 ID: 1b1db8dc @ Wed Aug  5 05:24:51 UTC 2026
// 重构日志: 86ebcfb9
// 重构日志: 591d2d56
// 重构日志: 314cade4
// 同步 ID: 00a48b5b @ Fri Aug  7 12:45:05 UTC 2026
// 重构日志: fa672224
// 同步 ID: 8660f15f @ Sat Aug  8 11:27:59 UTC 2026
// 同步 ID: 37323bba @ Sat Aug  8 11:50:08 UTC 2026
// 同步 ID: 7a2022f6 @ Sat Aug  8 16:28:34 UTC 2026
